Copyright 1986-2019 Xilinx, Inc. All Rights Reserved.
------------------------------------------------------------------------------------------------
| Tool Version : Vivado v.2019.1 (lin64) Build 2552052 Fri May 24 14:47:09 MDT 2019
| Date         : Wed Apr 27 18:04:10 2022
| Host         : madhav-HP-348-G4 running 64-bit Ubuntu 16.04.4 LTS
| Command      : report_utilization -hierarchical -file utilization_post_synth.hierarchical.rpt
| Design       : fpga_top
| Device       : 7a35tcpg236-3
| Design State : Synthesized
------------------------------------------------------------------------------------------------

Utilization Design Information

Table of Contents
-----------------
1. Utilization by Hierarchy

1. Utilization by Hierarchy
---------------------------

+-----------------------------------------------------------------------------------------------------------------------------------------------+-----------------------------------------------+------------+------------+---------+------+-----+--------+--------+--------------+
|                                                                    Instance                                                                   |                     Module                    | Total LUTs | Logic LUTs | LUTRAMs | SRLs | FFs | RAMB36 | RAMB18 | DSP48 Blocks |
+-----------------------------------------------------------------------------------------------------------------------------------------------+-----------------------------------------------+------------+------------+---------+------+-----+--------+--------+--------------+
| fpga_top                                                                                                                                      |                                         (top) |        834 |        834 |       0 |    0 | 975 |      0 |      0 |            0 |
|   (fpga_top)                                                                                                                                  |                                         (top) |         42 |         42 |       0 |    0 |  35 |      0 |      0 |            0 |
|   ahir_inst                                                                                                                                   |                                   ahir_system |         31 |         31 |       0 |    0 |  56 |      0 |      0 |            0 |
|     data_in_Pipe                                                                                                                              |                      PipeBase__parameterized3 |         13 |         13 |       0 |    0 |  20 |      0 |      0 |            0 |
|       Shallow.notSaveSlot.queue                                                                                                               |                     QueueBase__parameterized3 |         13 |         13 |       0 |    0 |  20 |      0 |      0 |            0 |
|         (Shallow.notSaveSlot.queue)                                                                                                           |                     QueueBase__parameterized3 |          0 |          0 |       0 |    0 |  16 |      0 |      0 |            0 |
|         qDGt1.NTB.fe_logic                                                                                                                    |                        QueueEmptyFullLogic_26 |          5 |          5 |       0 |    0 |   2 |      0 |      0 |            0 |
|         qDGt1.NTB.rdpReg                                                                                                                      |                    SynchResetRegisterUnsigned |          8 |          8 |       0 |    0 |   1 |      0 |      0 |            0 |
|         qDGt1.NTB.wrpReg                                                                                                                      |    SynchResetRegisterUnsigned__parameterized1 |          0 |          0 |       0 |    0 |   1 |      0 |      0 |            0 |
|     data_out_Pipe                                                                                                                             |                      PipeBase__parameterized5 |          9 |          9 |       0 |    0 |  20 |      0 |      0 |            0 |
|       Shallow.notSaveSlot.queue                                                                                                               |                     QueueBase__parameterized5 |          9 |          9 |       0 |    0 |  20 |      0 |      0 |            0 |
|         (Shallow.notSaveSlot.queue)                                                                                                           |                     QueueBase__parameterized5 |          0 |          0 |       0 |    0 |  16 |      0 |      0 |            0 |
|         qDGt1.NTB.fe_logic                                                                                                                    |                           QueueEmptyFullLogic |          3 |          3 |       0 |    0 |   2 |      0 |      0 |            0 |
|         qDGt1.NTB.rdpReg                                                                                                                      |    SynchResetRegisterUnsigned__parameterized3 |          4 |          4 |       0 |    0 |   1 |      0 |      0 |            0 |
|         qDGt1.NTB.wrpReg                                                                                                                      |    SynchResetRegisterUnsigned__parameterized5 |          2 |          2 |       0 |    0 |   1 |      0 |      0 |            0 |
|     ping_daemon_instance                                                                                                                      |                                   ping_daemon |          9 |          9 |       0 |    0 |  16 |      0 |      0 |            0 |
|       data_path.InportGroup_0.data_in_read_0                                                                                                  |                              InputPortRevised |          6 |          6 |       0 |    0 |  10 |      0 |      0 |            0 |
|         ProTx[0].ulreg                                                                                                                        |                UnloadRegister__parameterized3 |          6 |          6 |       0 |    0 |  10 |      0 |      0 |            0 |
|       data_path.OutportGroup_0.data_out_write_0                                                                                               |                             OutputPortRevised |          0 |          0 |       0 |    0 |   2 |      0 |      0 |            0 |
|         (data_path.OutportGroup_0.data_out_write_0)                                                                                           |                             OutputPortRevised |          0 |          0 |       0 |    0 |   1 |      0 |      0 |            0 |
|         BufGen[0].rxB                                                                                                                         |                 ReceiveBuffer__parameterized1 |          0 |          0 |       0 |    0 |   1 |      0 |      0 |            0 |
|       in_buffer                                                                                                                               |                                  UnloadBuffer |          0 |          0 |       0 |    0 |   2 |      0 |      0 |            0 |
|         NotRevisedCase.ShallowCase.ulReg                                                                                                      |                                UnloadRegister |          0 |          0 |       0 |    0 |   2 |      0 |      0 |            0 |
|       in_buffer_unload_req_symbol_join.gj_in_buffer_unload_req_symbol_join                                                                    |                               generic_join_23 |          3 |          3 |       0 |    0 |   2 |      0 |      0 |            0 |
|         placegen[1].placeBlock.pI                                                                                                             |                          place_with_bypass_24 |          1 |          1 |       0 |    0 |   1 |      0 |      0 |            0 |
|         placegen[2].placeBlock.pI                                                                                                             |          place_with_bypass__parameterized1_25 |          2 |          2 |       0 |    0 |   1 |      0 |      0 |            0 |
|   uart_inst                                                                                                                                   |                 configurable_self_tuning_uart |        761 |        761 |       0 |    0 | 884 |      0 |      0 |            0 |
|     (uart_inst)                                                                                                                               |                 configurable_self_tuning_uart |         41 |         41 |       0 |    0 |  33 |      0 |      0 |            0 |
|     bcc_inst                                                                                                                                  |                       baud_control_calculator |        624 |        624 |       0 |    0 | 701 |      0 |      0 |            0 |
|       (bcc_inst)                                                                                                                              |                       baud_control_calculator |          1 |          1 |       0 |    0 |   0 |      0 |      0 |            0 |
|       BAUD_CONTROL_WORD_SIG_Signal                                                                                                            |                                    SignalBase |          1 |          1 |       0 |    0 |  28 |      0 |      0 |            0 |
|       BAUD_CONTROL_WORD_VALID_Signal                                                                                                          |                    SignalBase__parameterized1 |          2 |          2 |       0 |    0 |   1 |      0 |      0 |            0 |
|       baudControlCalculatorDaemon_auto_run                                                                                                    |                                      auto_run |          0 |          0 |       0 |    0 |   1 |      0 |      0 |            0 |
|       baudControlCalculatorDaemon_instance                                                                                                    |                   baudControlCalculatorDaemon |        115 |        115 |       0 |    0 | 274 |      0 |      0 |            0 |
|         baudControlCalculatorDaemon_CP_295.baudControlCalculatorDaemon_cp_element_group_15.gj_baudControlCalculatorDaemon_cp_element_group_15 |                 generic_join__parameterized10 |          2 |          2 |       0 |    0 |   2 |      0 |      0 |            0 |
|           placegen[1].placeBlock.pI                                                                                                           |            place_with_bypass__parameterized23 |          1 |          1 |       0 |    0 |   1 |      0 |      0 |            0 |
|           placegen[2].placeBlock.pI                                                                                                           |            place_with_bypass__parameterized25 |          1 |          1 |       0 |    0 |   1 |      0 |      0 |            0 |
|         baudControlCalculatorDaemon_CP_295.baudControlCalculatorDaemon_cp_element_group_18.gj_baudControlCalculatorDaemon_cp_element_group_18 |                 generic_join__parameterized12 |          2 |          2 |       0 |    0 |   2 |      0 |      0 |            0 |
|           placegen[1].placeBlock.pI                                                                                                           |            place_with_bypass__parameterized27 |          1 |          1 |       0 |    0 |   1 |      0 |      0 |            0 |
|           placegen[2].placeBlock.pI                                                                                                           |            place_with_bypass__parameterized29 |          1 |          1 |       0 |    0 |   1 |      0 |      0 |            0 |
|         baudControlCalculatorDaemon_CP_295.baudControlCalculatorDaemon_cp_element_group_21.gj_baudControlCalculatorDaemon_cp_element_group_21 |                 generic_join__parameterized14 |          0 |          0 |       0 |    0 |   2 |      0 |      0 |            0 |
|           placegen[1].placeBlock.pI                                                                                                           |            place_with_bypass__parameterized31 |          0 |          0 |       0 |    0 |   1 |      0 |      0 |            0 |
|           placegen[2].placeBlock.pI                                                                                                           |            place_with_bypass__parameterized33 |          0 |          0 |       0 |    0 |   1 |      0 |      0 |            0 |
|         baudControlCalculatorDaemon_CP_295.baudControlCalculatorDaemon_cp_element_group_24.gj_baudControlCalculatorDaemon_cp_element_group_24 |                 generic_join__parameterized16 |          2 |          2 |       0 |    0 |   2 |      0 |      0 |            0 |
|           placegen[1].placeBlock.pI                                                                                                           |            place_with_bypass__parameterized35 |          1 |          1 |       0 |    0 |   1 |      0 |      0 |            0 |
|           placegen[2].placeBlock.pI                                                                                                           |            place_with_bypass__parameterized37 |          1 |          1 |       0 |    0 |   1 |      0 |      0 |            0 |
|         data_path.ApConcat_group_1.UnsharedOperator                                                                                           |                 UnsharedOperatorWithBuffering |          0 |          0 |       0 |    0 |  17 |      0 |      0 |            0 |
|           noFlowThrough.ilb                                                                                                                   |               InterlockBuffer__parameterized4 |          0 |          0 |       0 |    0 |  17 |      0 |      0 |            0 |
|             NoFlowThrough.interlockBuf.buf                                                                                                    |                  UnloadBuffer__parameterized7 |          0 |          0 |       0 |    0 |  17 |      0 |      0 |            0 |
|               NotRevisedCase.ShallowCase.ulReg                                                                                                |                UnloadRegister__parameterized9 |          0 |          0 |       0 |    0 |  17 |      0 |      0 |            0 |
|         data_path.ApConcat_group_2.UnsharedOperator                                                                                           | UnsharedOperatorWithBuffering__parameterized1 |          2 |          2 |       0 |    0 |  31 |      0 |      0 |            0 |
|           noFlowThrough.ilb                                                                                                                   |               InterlockBuffer__parameterized6 |          2 |          2 |       0 |    0 |  31 |      0 |      0 |            0 |
|             (noFlowThrough.ilb)                                                                                                               |               InterlockBuffer__parameterized6 |          0 |          0 |       0 |    0 |   1 |      0 |      0 |            0 |
|             NoFlowThrough.interlockBuf.buf                                                                                                    |                  UnloadBuffer__parameterized9 |          2 |          2 |       0 |    0 |  30 |      0 |      0 |            0 |
|               NotRevisedCase.ShallowCase.ulReg                                                                                                |               UnloadRegister__parameterized11 |          2 |          2 |       0 |    0 |  30 |      0 |      0 |            0 |
|         data_path.ApConcat_group_3.UnsharedOperator                                                                                           | UnsharedOperatorWithBuffering__parameterized3 |          1 |          1 |       0 |    0 |   1 |      0 |      0 |            0 |
|           noFlowThrough.ilb                                                                                                                   |               InterlockBuffer__parameterized8 |          1 |          1 |       0 |    0 |   1 |      0 |      0 |            0 |
|             NoFlowThrough.interlockBuf.buf                                                                                                    |                 UnloadBuffer__parameterized11 |          1 |          1 |       0 |    0 |   1 |      0 |      0 |            0 |
|               NotRevisedCase.ShallowCase.ulReg                                                                                                |               UnloadRegister__parameterized13 |          1 |          1 |       0 |    0 |   1 |      0 |      0 |            0 |
|         data_path.ApIntSub_group_5.UnsharedOperator                                                                                           | UnsharedOperatorWithBuffering__parameterized5 |          2 |          2 |       0 |    0 |  19 |      0 |      0 |            0 |
|           comb_block                                                                                                                          |  GenericCombinationalOperator__parameterized5 |          0 |          0 |       0 |    0 |   0 |      0 |      0 |            0 |
|           noFlowThrough.ilb                                                                                                                   |              InterlockBuffer__parameterized10 |          2 |          2 |       0 |    0 |  19 |      0 |      0 |            0 |
|             (noFlowThrough.ilb)                                                                                                               |              InterlockBuffer__parameterized10 |          0 |          0 |       0 |    0 |   1 |      0 |      0 |            0 |
|             NoFlowThrough.interlockBuf.buf                                                                                                    |                 UnloadBuffer__parameterized13 |          2 |          2 |       0 |    0 |  18 |      0 |      0 |            0 |
|               NotRevisedCase.ShallowCase.ulReg                                                                                                |               UnloadRegister__parameterized15 |          2 |          2 |       0 |    0 |  18 |      0 |      0 |            0 |
|         data_path.OutportGroup_0.BAUD_CONTROL_WORD_SIG_write_0                                                                                |             OutputPortRevised__parameterized1 |          0 |          0 |       0 |    0 |   1 |      0 |      0 |            0 |
|         data_path.OutportGroup_1.BAUD_CONTROL_WORD_VALID_write_1                                                                              |             OutputPortRevised__parameterized3 |          4 |          4 |       0 |    0 |   5 |      0 |      0 |            0 |
|           (data_path.OutportGroup_1.BAUD_CONTROL_WORD_VALID_write_1)                                                                          |             OutputPortRevised__parameterized3 |          1 |          1 |       0 |    0 |   2 |      0 |      0 |            0 |
|           BufGen[0].rxB                                                                                                                       |                 ReceiveBuffer__parameterized7 |          1 |          1 |       0 |    0 |   1 |      0 |      0 |            0 |
|           BufGen[1].rxB                                                                                                                       |                 ReceiveBuffer__parameterized9 |          0 |          0 |       0 |    0 |   1 |      0 |      0 |            0 |
|           mux                                                                                                                                 |               OutputPortLevel__parameterized3 |          2 |          2 |       0 |    0 |   1 |      0 |      0 |            0 |
|             fairify                                                                                                                           |              NobodyLeftBehind__parameterized3 |          2 |          2 |       0 |    0 |   1 |      0 |      0 |            0 |
|         data_path.W_clock_valid_135_inst_block.W_clock_valid_135_inst                                                                         |               InterlockBuffer__parameterized2 |          4 |          4 |       0 |    0 |   4 |      0 |      0 |            0 |
|           (data_path.W_clock_valid_135_inst_block.W_clock_valid_135_inst)                                                                     |               InterlockBuffer__parameterized2 |          0 |          0 |       0 |    0 |   1 |      0 |      0 |            0 |
|           NoFlowThrough.interlockBuf.buf                                                                                                      |                  UnloadBuffer__parameterized5 |          4 |          4 |       0 |    0 |   3 |      0 |      0 |            0 |
|             NotRevisedCase.ShallowCase.ulReg                                                                                                  |                UnloadRegister__parameterized7 |          4 |          4 |       0 |    0 |   3 |      0 |      0 |            0 |
|         data_path.if_stmt_138_branch.branch_instance                                                                                          |                                    BranchBase |          2 |          2 |       0 |    0 |   2 |      0 |      0 |            0 |
|         data_path.my_div_call_group_1.CallComplete                                                                                            |  OutputDeMuxBaseWithBuffering__parameterized1 |         22 |         22 |       0 |    0 |  36 |      0 |      0 |            0 |
|           bufGen[0].BufBlock.ub                                                                                                               |              UnloadBuffer__parameterized15_21 |         19 |         19 |       0 |    0 |  18 |      0 |      0 |            0 |
|             NotRevisedCase.ShallowCase.ulReg                                                                                                  |            UnloadRegister__parameterized17_22 |         19 |         19 |       0 |    0 |  18 |      0 |      0 |            0 |
|           bufGen[1].BufBlock.ub                                                                                                               |                 UnloadBuffer__parameterized17 |          3 |          3 |       0 |    0 |  18 |      0 |      0 |            0 |
|             NotRevisedCase.ShallowCase.ulReg                                                                                                  |               UnloadRegister__parameterized19 |          3 |          3 |       0 |    0 |  18 |      0 |      0 |            0 |
|         data_path.my_div_call_group_1.CallReq                                                                                                 |         InputMuxWithBuffering__parameterized1 |         55 |         55 |       0 |    0 |  87 |      0 |      0 |            0 |
|           RxGen[0].rxBuf                                                                                                                      |             ReceiveBuffer__parameterized11_18 |         47 |         47 |       0 |    0 |  50 |      0 |      0 |            0 |
|             (RxGen[0].rxBuf)                                                                                                                  |             ReceiveBuffer__parameterized11_18 |          0 |          0 |       0 |    0 |   1 |      0 |      0 |            0 |
|             notFRR.bufPipe                                                                                                                    |                  PipeBase__parameterized15_19 |         47 |         47 |       0 |    0 |  49 |      0 |      0 |            0 |
|               Shallow.notSaveSlot.queue                                                                                                       |                 QueueBase__parameterized15_20 |         47 |         47 |       0 |    0 |  49 |      0 |      0 |            0 |
|           RxGen[1].rxBuf                                                                                                                      |                ReceiveBuffer__parameterized13 |          3 |          3 |       0 |    0 |  35 |      0 |      0 |            0 |
|             (RxGen[1].rxBuf)                                                                                                                  |                ReceiveBuffer__parameterized13 |          0 |          0 |       0 |    0 |   1 |      0 |      0 |            0 |
|             notFRR.bufPipe                                                                                                                    |                     PipeBase__parameterized17 |          3 |          3 |       0 |    0 |  34 |      0 |      0 |            0 |
|               Shallow.notSaveSlot.queue                                                                                                       |                    QueueBase__parameterized17 |          3 |          3 |       0 |    0 |  34 |      0 |      0 |            0 |
|           fairify                                                                                                                             |              NobodyLeftBehind__parameterized7 |          5 |          5 |       0 |    0 |   2 |      0 |      0 |            0 |
|         data_path.my_div_call_group_1.my_div_call_group_1_accessRegulator_0                                                                   |                         access_regulator_base |          5 |          5 |       0 |    0 |   3 |      0 |      0 |            0 |
|           releaseReqPlace                                                                                                                     |                                         place |          5 |          5 |       0 |    0 |   2 |      0 |      0 |            0 |
|           reqPlace                                                                                                                            |            place_with_bypass__parameterized39 |          0 |          0 |       0 |    0 |   1 |      0 |      0 |            0 |
|         data_path.my_div_call_group_1.my_div_call_group_1_accessRegulator_1                                                                   |         access_regulator_base__parameterized1 |          5 |          5 |       0 |    0 |   3 |      0 |      0 |            0 |
|           releaseReqPlace                                                                                                                     |                         place__parameterized1 |          5 |          5 |       0 |    0 |   2 |      0 |      0 |            0 |
|           reqPlace                                                                                                                            |            place_with_bypass__parameterized41 |          0 |          0 |       0 |    0 |   1 |      0 |      0 |            0 |
|         data_path.my_gcd_call_group_0.CallComplete                                                                                            |                  OutputDeMuxBaseWithBuffering |          2 |          2 |       0 |    0 |  34 |      0 |      0 |            0 |
|           bufGen[0].BufBlock.ub                                                                                                               |                 UnloadBuffer__parameterized15 |          2 |          2 |       0 |    0 |  34 |      0 |      0 |            0 |
|             NotRevisedCase.ShallowCase.ulReg                                                                                                  |               UnloadRegister__parameterized17 |          2 |          2 |       0 |    0 |  34 |      0 |      0 |            0 |
|         data_path.my_gcd_call_group_0.CallReq                                                                                                 |                         InputMuxWithBuffering |          2 |          2 |       0 |    0 |  19 |      0 |      0 |            0 |
|           RxGen[0].rxBuf                                                                                                                      |                ReceiveBuffer__parameterized11 |          2 |          2 |       0 |    0 |  19 |      0 |      0 |            0 |
|             (RxGen[0].rxBuf)                                                                                                                  |                ReceiveBuffer__parameterized11 |          0 |          0 |       0 |    0 |   1 |      0 |      0 |            0 |
|             notFRR.bufPipe                                                                                                                    |                     PipeBase__parameterized15 |          2 |          2 |       0 |    0 |  18 |      0 |      0 |            0 |
|               Shallow.notSaveSlot.queue                                                                                                       |                    QueueBase__parameterized15 |          2 |          2 |       0 |    0 |  18 |      0 |      0 |            0 |
|         in_buffer                                                                                                                             |                  UnloadBuffer__parameterized3 |          0 |          0 |       0 |    0 |   2 |      0 |      0 |            0 |
|           NotRevisedCase.ShallowCase.ulReg                                                                                                    |                UnloadRegister__parameterized5 |          0 |          0 |       0 |    0 |   2 |      0 |      0 |            0 |
|         in_buffer_unload_req_symbol_join.gj_in_buffer_unload_req_symbol_join                                                                  |                               generic_join_15 |          3 |          3 |       0 |    0 |   2 |      0 |      0 |            0 |
|           placegen[1].placeBlock.pI                                                                                                           |                          place_with_bypass_16 |          1 |          1 |       0 |    0 |   1 |      0 |      0 |            0 |
|           placegen[2].placeBlock.pI                                                                                                           |          place_with_bypass__parameterized1_17 |          2 |          2 |       0 |    0 |   1 |      0 |      0 |            0 |
|       my_div_instance                                                                                                                         |                                        my_div |        184 |        184 |       0 |    0 | 187 |      0 |      0 |            0 |
|         (my_div_instance)                                                                                                                     |                                        my_div |          0 |          0 |       0 |    0 |   0 |      0 |      0 |            0 |
|         data_path.A_87_buf_block.A_87_buf                                                                                                     |              InterlockBuffer__parameterized14 |          0 |          0 |       0 |    0 |  18 |      0 |      0 |            0 |
|           NoFlowThrough.interlockBuf.buf                                                                                                      |                 UnloadBuffer__parameterized23 |          0 |          0 |       0 |    0 |  18 |      0 |      0 |            0 |
|             NotRevisedCase.ShallowCase.ulReg                                                                                                  |               UnloadRegister__parameterized25 |          0 |          0 |       0 |    0 |  18 |      0 |      0 |            0 |
|         data_path.W_Q_125_inst_block.W_Q_125_inst                                                                                             |              InterlockBuffer__parameterized16 |          2 |          2 |       0 |    0 |  19 |      0 |      0 |            0 |
|           (data_path.W_Q_125_inst_block.W_Q_125_inst)                                                                                         |              InterlockBuffer__parameterized16 |          0 |          0 |       0 |    0 |   1 |      0 |      0 |            0 |
|           NoFlowThrough.interlockBuf.buf                                                                                                      |                 UnloadBuffer__parameterized25 |          2 |          2 |       0 |    0 |  18 |      0 |      0 |            0 |
|             NotRevisedCase.ShallowCase.ulReg                                                                                                  |               UnloadRegister__parameterized27 |          2 |          2 |       0 |    0 |  18 |      0 |      0 |            0 |
|         data_path.if_stmt_120_branch.branch_instance                                                                                          |                    BranchBase__parameterized1 |          0 |          0 |       0 |    0 |   2 |      0 |      0 |            0 |
|         data_path.ntA_111_88_buf_block.ntA_111_88_buf                                                                                         |              InterlockBuffer__parameterized18 |         28 |         28 |       0 |    0 |  33 |      0 |      0 |            0 |
|           NoFlowThrough.interlockBuf.buf                                                                                                      |                 UnloadBuffer__parameterized27 |         28 |         28 |       0 |    0 |  33 |      0 |      0 |            0 |
|             NotRevisedCase.ShallowCase.ulReg                                                                                                  |               UnloadRegister__parameterized29 |         28 |         28 |       0 |    0 |  33 |      0 |      0 |            0 |
|         data_path.ntQ_119_93_buf_block.ntQ_119_93_buf                                                                                         |              InterlockBuffer__parameterized20 |          2 |          2 |       0 |    0 |  16 |      0 |      0 |            0 |
|           NoFlowThrough.interlockBuf.buf                                                                                                      |                 UnloadBuffer__parameterized29 |          2 |          2 |       0 |    0 |  16 |      0 |      0 |            0 |
|             NotRevisedCase.ShallowCase.ulReg                                                                                                  |               UnloadRegister__parameterized31 |          2 |          2 |       0 |    0 |  16 |      0 |      0 |            0 |
|         data_path.phi_stmt_85.phi                                                                                                             |                                       PhiBase |        115 |        115 |       0 |    0 |   3 |      0 |      0 |            0 |
|         data_path.phi_stmt_89.phi                                                                                                             |                       PhiBase__parameterized1 |         22 |         22 |       0 |    0 |   2 |      0 |      0 |            0 |
|         in_buffer                                                                                                                             |                 UnloadBuffer__parameterized19 |         15 |         15 |       0 |    0 |  52 |      0 |      0 |            0 |
|           NotRevisedCase.ShallowCase.ulReg                                                                                                    |               UnloadRegister__parameterized21 |         15 |         15 |       0 |    0 |  52 |      0 |      0 |            0 |
|         in_buffer_unload_req_symbol_join.gj_in_buffer_unload_req_symbol_join                                                                  |                                generic_join_0 |          4 |          4 |       0 |    0 |   3 |      0 |      0 |            0 |
|           placegen[1].placeBlock.pI                                                                                                           |                          place_with_bypass_12 |          2 |          2 |       0 |    0 |   1 |      0 |      0 |            0 |
|           placegen[2].placeBlock.dly                                                                                                          |      control_delay_element__parameterized1_13 |          1 |          1 |       0 |    0 |   1 |      0 |      0 |            0 |
|           placegen[2].placeBlock.pI                                                                                                           |          place_with_bypass__parameterized1_14 |          1 |          1 |       0 |    0 |   1 |      0 |      0 |            0 |
|         my_div_CP_159.my_div_cp_element_group_12.gj_my_div_cp_element_group_12                                                                |                 generic_join__parameterized22 |          2 |          2 |       0 |    0 |   2 |      0 |      0 |            0 |
|           placegen[1].placeBlock.pI                                                                                                           |            place_with_bypass__parameterized51 |          1 |          1 |       0 |    0 |   1 |      0 |      0 |            0 |
|           placegen[2].placeBlock.pI                                                                                                           |            place_with_bypass__parameterized53 |          1 |          1 |       0 |    0 |   1 |      0 |      0 |            0 |
|         my_div_CP_159.my_div_cp_element_group_15.gj_my_div_cp_element_group_15                                                                |                 generic_join__parameterized24 |          3 |          3 |       0 |    0 |   2 |      0 |      0 |            0 |
|           placegen[1].placeBlock.pI                                                                                                           |            place_with_bypass__parameterized55 |          3 |          3 |       0 |    0 |   1 |      0 |      0 |            0 |
|           placegen[2].placeBlock.pI                                                                                                           |            place_with_bypass__parameterized57 |          0 |          0 |       0 |    0 |   1 |      0 |      0 |            0 |
|         my_div_CP_159.my_div_cp_element_group_20.gj_my_div_cp_element_group_20                                                                |                 generic_join__parameterized28 |          2 |          2 |       0 |    0 |   2 |      0 |      0 |            0 |
|           placegen[1].placeBlock.pI                                                                                                           |            place_with_bypass__parameterized63 |          1 |          1 |       0 |    0 |   1 |      0 |      0 |            0 |
|           placegen[2].placeBlock.pI                                                                                                           |            place_with_bypass__parameterized65 |          1 |          1 |       0 |    0 |   1 |      0 |      0 |            0 |
|         my_div_CP_159.my_div_cp_element_group_7.gj_my_div_cp_element_group_7                                                                  |                 generic_join__parameterized18 |          2 |          2 |       0 |    0 |   2 |      0 |      0 |            0 |
|           placegen[1].placeBlock.pI                                                                                                           |            place_with_bypass__parameterized43 |          2 |          2 |       0 |    0 |   1 |      0 |      0 |            0 |
|           placegen[2].placeBlock.pI                                                                                                           |            place_with_bypass__parameterized45 |          0 |          0 |       0 |    0 |   1 |      0 |      0 |            0 |
|         out_buffer                                                                                                                            |                ReceiveBuffer__parameterized15 |          3 |          3 |       0 |    0 |  19 |      0 |      0 |            0 |
|           (out_buffer)                                                                                                                        |                ReceiveBuffer__parameterized15 |          0 |          0 |       0 |    0 |   1 |      0 |      0 |            0 |
|           notFRR.bufPipe                                                                                                                      |                     PipeBase__parameterized19 |          3 |          3 |       0 |    0 |  18 |      0 |      0 |            0 |
|             Shallow.notSaveSlot.queue                                                                                                         |                    QueueBase__parameterized19 |          3 |          3 |       0 |    0 |  18 |      0 |      0 |            0 |
|         out_buffer_write_req_symbol_join.gj_out_buffer_write_req_symbol_join                                                                  |                generic_join__parameterized1_1 |          5 |          5 |       0 |    0 |   3 |      0 |      0 |            0 |
|           placegen[1].placeBlock.pI                                                                                                           |           place_with_bypass__parameterized3_9 |          1 |          1 |       0 |    0 |   1 |      0 |      0 |            0 |
|           placegen[2].placeBlock.pI                                                                                                           |          place_with_bypass__parameterized5_10 |          2 |          2 |       0 |    0 |   1 |      0 |      0 |            0 |
|           placegen[3].placeBlock.pI                                                                                                           |          place_with_bypass__parameterized7_11 |          2 |          2 |       0 |    0 |   1 |      0 |      0 |            0 |
|         tagIlock                                                                                                                              |              InterlockBuffer__parameterized12 |          3 |          3 |       0 |    0 |   4 |      0 |      0 |            0 |
|           (tagIlock)                                                                                                                          |              InterlockBuffer__parameterized12 |          0 |          0 |       0 |    0 |   1 |      0 |      0 |            0 |
|           NoFlowThrough.interlockBuf.buf                                                                                                      |                 UnloadBuffer__parameterized21 |          3 |          3 |       0 |    0 |   3 |      0 |      0 |            0 |
|             NotRevisedCase.ShallowCase.ulReg                                                                                                  |               UnloadRegister__parameterized23 |          3 |          3 |       0 |    0 |   3 |      0 |      0 |            0 |
|         tag_ilock_read_req_symbol_join.gj_tag_ilock_read_req_symbol_join                                                                      |                generic_join__parameterized5_2 |          4 |          4 |       0 |    0 |   3 |      0 |      0 |            0 |
|           placegen[1].placeBlock.pI                                                                                                           |          place_with_bypass__parameterized13_6 |          1 |          1 |       0 |    0 |   1 |      0 |      0 |            0 |
|           placegen[2].placeBlock.pI                                                                                                           |          place_with_bypass__parameterized15_7 |          1 |          1 |       0 |    0 |   1 |      0 |      0 |            0 |
|           placegen[3].placeBlock.pI                                                                                                           |          place_with_bypass__parameterized17_8 |          2 |          2 |       0 |    0 |   1 |      0 |      0 |            0 |
|         tag_ilock_write_req_symbol_join.gj_tag_ilock_write_req_symbol_join                                                                    |                generic_join__parameterized3_3 |          2 |          2 |       0 |    0 |   2 |      0 |      0 |            0 |
|           placegen[1].placeBlock.pI                                                                                                           |           place_with_bypass__parameterized9_4 |          1 |          1 |       0 |    0 |   1 |      0 |      0 |            0 |
|           placegen[2].placeBlock.pI                                                                                                           |          place_with_bypass__parameterized11_5 |          1 |          1 |       0 |    0 |   1 |      0 |      0 |            0 |
|       my_gcd_instance                                                                                                                         |                                        my_gcd |        321 |        321 |       0 |    0 | 210 |      0 |      0 |            0 |
|         (my_gcd_instance)                                                                                                                     |                                        my_gcd |          0 |          0 |       0 |    0 |   0 |      0 |      0 |            0 |
|         data_path.A_15_buf_block.A_15_buf                                                                                                     |              InterlockBuffer__parameterized24 |          2 |          2 |       0 |    0 |  16 |      0 |      0 |            0 |
|           NoFlowThrough.interlockBuf.buf                                                                                                      |                 UnloadBuffer__parameterized35 |          2 |          2 |       0 |    0 |  16 |      0 |      0 |            0 |
|             NotRevisedCase.ShallowCase.ulReg                                                                                                  |               UnloadRegister__parameterized37 |          2 |          2 |       0 |    0 |  16 |      0 |      0 |            0 |
|         data_path.ApIntAnd_group_1.UnsharedOperator                                                                                           | UnsharedOperatorWithBuffering__parameterized7 |          4 |          4 |       0 |    0 |   4 |      0 |      0 |            0 |
|           noFlowThrough.ilb                                                                                                                   |              InterlockBuffer__parameterized32 |          4 |          4 |       0 |    0 |   4 |      0 |      0 |            0 |
|             (noFlowThrough.ilb)                                                                                                               |              InterlockBuffer__parameterized32 |          0 |          0 |       0 |    0 |   1 |      0 |      0 |            0 |
|             NoFlowThrough.interlockBuf.buf                                                                                                    |                 UnloadBuffer__parameterized43 |          4 |          4 |       0 |    0 |   3 |      0 |      0 |            0 |
|               NotRevisedCase.ShallowCase.ulReg                                                                                                |               UnloadRegister__parameterized45 |          4 |          4 |       0 |    0 |   3 |      0 |      0 |            0 |
|         data_path.B_19_buf_block.B_19_buf                                                                                                     |              InterlockBuffer__parameterized26 |          1 |          1 |       0 |    0 |   2 |      0 |      0 |            0 |
|           NoFlowThrough.interlockBuf.buf                                                                                                      |                 UnloadBuffer__parameterized37 |          1 |          1 |       0 |    0 |   2 |      0 |      0 |            0 |
|             NotRevisedCase.ShallowCase.ulReg                                                                                                  |               UnloadRegister__parameterized39 |          1 |          1 |       0 |    0 |   2 |      0 |      0 |            0 |
|         data_path.MUX_51_inst_block.MUX_51_inst                                                                                               |                           SelectSplitProtocol |          3 |          3 |       0 |    0 |  35 |      0 |      0 |            0 |
|           noFlowThrough.ilb                                                                                                                   |              InterlockBuffer__parameterized22 |          3 |          3 |       0 |    0 |  35 |      0 |      0 |            0 |
|             (noFlowThrough.ilb)                                                                                                               |              InterlockBuffer__parameterized22 |          0 |          0 |       0 |    0 |   1 |      0 |      0 |            0 |
|             NoFlowThrough.interlockBuf.buf                                                                                                    |                 UnloadBuffer__parameterized33 |          3 |          3 |       0 |    0 |  34 |      0 |      0 |            0 |
|               NotRevisedCase.ShallowCase.ulReg                                                                                                |               UnloadRegister__parameterized35 |          3 |          3 |       0 |    0 |  34 |      0 |      0 |            0 |
|         data_path.if_stmt_73_branch.branch_instance                                                                                           |                    BranchBase__parameterized3 |          0 |          0 |       0 |    0 |   2 |      0 |      0 |            0 |
|         data_path.ntA_62_16_buf_block.ntA_62_16_buf                                                                                           |              InterlockBuffer__parameterized28 |         59 |         59 |       0 |    0 |  32 |      0 |      0 |            0 |
|           NoFlowThrough.interlockBuf.buf                                                                                                      |                 UnloadBuffer__parameterized39 |         59 |         59 |       0 |    0 |  32 |      0 |      0 |            0 |
|             NotRevisedCase.ShallowCase.ulReg                                                                                                  |               UnloadRegister__parameterized41 |         59 |         59 |       0 |    0 |  32 |      0 |      0 |            0 |
|         data_path.ntB_72_20_buf_block.ntB_72_20_buf                                                                                           |              InterlockBuffer__parameterized30 |         43 |         43 |       0 |    0 |  33 |      0 |      0 |            0 |
|           NoFlowThrough.interlockBuf.buf                                                                                                      |                 UnloadBuffer__parameterized41 |         43 |         43 |       0 |    0 |  33 |      0 |      0 |            0 |
|             NotRevisedCase.ShallowCase.ulReg                                                                                                  |               UnloadRegister__parameterized43 |         43 |         43 |       0 |    0 |  33 |      0 |      0 |            0 |
|         data_path.phi_stmt_13.phi                                                                                                             |                       PhiBase__parameterized3 |        140 |        140 |       0 |    0 |   4 |      0 |      0 |            0 |
|         data_path.phi_stmt_17.phi                                                                                                             |                       PhiBase__parameterized5 |         72 |         72 |       0 |    0 |   3 |      0 |      0 |            0 |
|         in_buffer                                                                                                                             |                 UnloadBuffer__parameterized31 |          0 |          0 |       0 |    0 |  19 |      0 |      0 |            0 |
|           NotRevisedCase.ShallowCase.ulReg                                                                                                    |               UnloadRegister__parameterized33 |          0 |          0 |       0 |    0 |  19 |      0 |      0 |            0 |
|         in_buffer_unload_req_symbol_join.gj_in_buffer_unload_req_symbol_join                                                                  |                                  generic_join |          4 |          4 |       0 |    0 |   3 |      0 |      0 |            0 |
|           placegen[1].placeBlock.pI                                                                                                           |                             place_with_bypass |          2 |          2 |       0 |    0 |   1 |      0 |      0 |            0 |
|           placegen[2].placeBlock.dly                                                                                                          |         control_delay_element__parameterized1 |          1 |          1 |       0 |    0 |   1 |      0 |      0 |            0 |
|           placegen[2].placeBlock.pI                                                                                                           |             place_with_bypass__parameterized1 |          1 |          1 |       0 |    0 |   1 |      0 |      0 |            0 |
|         my_gcd_CP_0.my_gcd_cp_element_group_12.gj_my_gcd_cp_element_group_12                                                                  |                 generic_join__parameterized32 |          2 |          2 |       0 |    0 |   2 |      0 |      0 |            0 |
|           placegen[1].placeBlock.pI                                                                                                           |            place_with_bypass__parameterized71 |          2 |          2 |       0 |    0 |   1 |      0 |      0 |            0 |
|           placegen[2].placeBlock.pI                                                                                                           |            place_with_bypass__parameterized73 |          0 |          0 |       0 |    0 |   1 |      0 |      0 |            0 |
|         my_gcd_CP_0.my_gcd_cp_element_group_15.gj_my_gcd_cp_element_group_15                                                                  |                 generic_join__parameterized34 |          2 |          2 |       0 |    0 |   2 |      0 |      0 |            0 |
|           placegen[1].placeBlock.pI                                                                                                           |            place_with_bypass__parameterized75 |          2 |          2 |       0 |    0 |   1 |      0 |      0 |            0 |
|           placegen[2].placeBlock.pI                                                                                                           |            place_with_bypass__parameterized77 |          0 |          0 |       0 |    0 |   1 |      0 |      0 |            0 |
|         my_gcd_CP_0.my_gcd_cp_element_group_19.gj_my_gcd_cp_element_group_19                                                                  |                 generic_join__parameterized38 |          2 |          2 |       0 |    0 |   2 |      0 |      0 |            0 |
|           placegen[1].placeBlock.pI                                                                                                           |            place_with_bypass__parameterized83 |          1 |          1 |       0 |    0 |   1 |      0 |      0 |            0 |
|           placegen[2].placeBlock.pI                                                                                                           |            place_with_bypass__parameterized85 |          1 |          1 |       0 |    0 |   1 |      0 |      0 |            0 |
|         my_gcd_CP_0.my_gcd_cp_element_group_22.gj_my_gcd_cp_element_group_22                                                                  |                 generic_join__parameterized40 |          2 |          2 |       0 |    0 |   2 |      0 |      0 |            0 |
|           placegen[1].placeBlock.pI                                                                                                           |            place_with_bypass__parameterized87 |          1 |          1 |       0 |    0 |   1 |      0 |      0 |            0 |
|           placegen[2].placeBlock.pI                                                                                                           |            place_with_bypass__parameterized89 |          1 |          1 |       0 |    0 |   1 |      0 |      0 |            0 |
|         my_gcd_CP_0.my_gcd_cp_element_group_27.gj_my_gcd_cp_element_group_27                                                                  |                 generic_join__parameterized44 |          1 |          1 |       0 |    0 |   2 |      0 |      0 |            0 |
|           placegen[1].placeBlock.pI                                                                                                           |            place_with_bypass__parameterized95 |          1 |          1 |       0 |    0 |   1 |      0 |      0 |            0 |
|           placegen[2].placeBlock.pI                                                                                                           |            place_with_bypass__parameterized97 |          0 |          0 |       0 |    0 |   1 |      0 |      0 |            0 |
|         my_gcd_CP_0.my_gcd_cp_element_group_6.gj_my_gcd_cp_element_group_6                                                                    |                 generic_join__parameterized30 |          2 |          2 |       0 |    0 |   2 |      0 |      0 |            0 |
|           placegen[1].placeBlock.pI                                                                                                           |            place_with_bypass__parameterized67 |          2 |          2 |       0 |    0 |   1 |      0 |      0 |            0 |
|           placegen[2].placeBlock.pI                                                                                                           |            place_with_bypass__parameterized69 |          0 |          0 |       0 |    0 |   1 |      0 |      0 |            0 |
|         out_buffer                                                                                                                            |                ReceiveBuffer__parameterized17 |          2 |          2 |       0 |    0 |  34 |      0 |      0 |            0 |
|           (out_buffer)                                                                                                                        |                ReceiveBuffer__parameterized17 |          0 |          0 |       0 |    0 |   1 |      0 |      0 |            0 |
|           notFRR.bufPipe                                                                                                                      |                     PipeBase__parameterized21 |          2 |          2 |       0 |    0 |  33 |      0 |      0 |            0 |
|             Shallow.notSaveSlot.queue                                                                                                         |                    QueueBase__parameterized21 |          2 |          2 |       0 |    0 |  33 |      0 |      0 |            0 |
|         out_buffer_write_req_symbol_join.gj_out_buffer_write_req_symbol_join                                                                  |                  generic_join__parameterized1 |          5 |          5 |       0 |    0 |   3 |      0 |      0 |            0 |
|           placegen[1].placeBlock.pI                                                                                                           |             place_with_bypass__parameterized3 |          1 |          1 |       0 |    0 |   1 |      0 |      0 |            0 |
|           placegen[2].placeBlock.pI                                                                                                           |             place_with_bypass__parameterized5 |          2 |          2 |       0 |    0 |   1 |      0 |      0 |            0 |
|           placegen[3].placeBlock.pI                                                                                                           |             place_with_bypass__parameterized7 |          2 |          2 |       0 |    0 |   1 |      0 |      0 |            0 |
|         tagIlock                                                                                                                              |                               InterlockBuffer |          2 |          2 |       0 |    0 |   3 |      0 |      0 |            0 |
|           (tagIlock)                                                                                                                          |                               InterlockBuffer |          0 |          0 |       0 |    0 |   1 |      0 |      0 |            0 |
|           NoFlowThrough.interlockBuf.buf                                                                                                      |                  UnloadBuffer__parameterized1 |          2 |          2 |       0 |    0 |   2 |      0 |      0 |            0 |
|             NotRevisedCase.ShallowCase.ulReg                                                                                                  |                UnloadRegister__parameterized1 |          2 |          2 |       0 |    0 |   2 |      0 |      0 |            0 |
|         tag_ilock_read_req_symbol_join.gj_tag_ilock_read_req_symbol_join                                                                      |                  generic_join__parameterized5 |          4 |          4 |       0 |    0 |   3 |      0 |      0 |            0 |
|           placegen[1].placeBlock.pI                                                                                                           |            place_with_bypass__parameterized13 |          1 |          1 |       0 |    0 |   1 |      0 |      0 |            0 |
|           placegen[2].placeBlock.pI                                                                                                           |            place_with_bypass__parameterized15 |          1 |          1 |       0 |    0 |   1 |      0 |      0 |            0 |
|           placegen[3].placeBlock.pI                                                                                                           |            place_with_bypass__parameterized17 |          2 |          2 |       0 |    0 |   1 |      0 |      0 |            0 |
|         tag_ilock_write_req_symbol_join.gj_tag_ilock_write_req_symbol_join                                                                    |                  generic_join__parameterized3 |          2 |          2 |       0 |    0 |   2 |      0 |      0 |            0 |
|           placegen[1].placeBlock.pI                                                                                                           |             place_with_bypass__parameterized9 |          1 |          1 |       0 |    0 |   1 |      0 |      0 |            0 |
|           placegen[2].placeBlock.pI                                                                                                           |            place_with_bypass__parameterized11 |          1 |          1 |       0 |    0 |   1 |      0 |      0 |            0 |
|     rt_ctr_inst                                                                                                                               |                              rt_clock_counter |         35 |         35 |       0 |    0 |  68 |      0 |      0 |            0 |
|     uart_inst                                                                                                                                 |                       uartTopPortConfigurable |         61 |         61 |       0 |    0 |  82 |      0 |      0 |            0 |
|       (uart_inst)                                                                                                                             |                       uartTopPortConfigurable |          6 |          6 |       0 |    0 |   0 |      0 |      0 |            0 |
|       baseInst                                                                                                                                |                                   uartTopBase |         52 |         52 |       0 |    0 |  64 |      0 |      0 |            0 |
|         bg                                                                                                                                    |                                       baudGen |         23 |         23 |       0 |    0 |  17 |      0 |      0 |            0 |
|         ur                                                                                                                                    |                                        uartRx |         12 |         12 |       0 |    0 |  28 |      0 |      0 |            0 |
|         ut                                                                                                                                    |                                        uartTx |         17 |         17 |       0 |    0 |  19 |      0 |      0 |            0 |
|       bridgeInst                                                                                                                              |                                    uartBridge |          3 |          3 |       0 |    0 |  18 |      0 |      0 |            0 |
+-----------------------------------------------------------------------------------------------------------------------------------------------+-----------------------------------------------+------------+------------+---------+------+-----+--------+--------+--------------+


