#-----------------------------------------------------------
# Vivado v2017.1 (64-bit)
# SW Build 1846317 on Fri Apr 14 18:54:47 MDT 2017
# IP Build 1846188 on Fri Apr 14 20:52:08 MDT 2017
# Start of session at: Fri Sep  2 09:40:58 2022
# Process ID: 438359
# Current directory: /home/aiml/Desktop/IITB_AI_ML/KC705_WITH_DRAM/UNET/vhdl
# Command line: vivado
# Log file: /home/aiml/Desktop/IITB_AI_ML/KC705_WITH_DRAM/UNET/vhdl/vivado.log
# Journal file: /home/aiml/Desktop/IITB_AI_ML/KC705_WITH_DRAM/UNET/vhdl/vivado.jou
#-----------------------------------------------------------
start_gui
open_hw
connect_hw_server
disconnect_hw_server localhost:3121
connect_hw_server
disconnect_hw_server localhost:3121
connect_hw_server
disconnect_hw_server localhost:3121
connect_hw_server
disconnect_hw_server localhost:3121
connect_hw_server
disconnect_hw_server localhost:3121
connect_hw_server
disconnect_hw_server localhost:3121
connect_hw_server
disconnect_hw_server localhost:3121
connect_hw_server
disconnect_hw_server localhost:3121
connect_hw_server
disconnect_hw_server localhost:3121
connect_hw_server
disconnect_hw_server localhost:3121
connect_hw_server
